Bases de Dades I
Llenguatges de Marques
Programaci√≥ I
